// Jest Snapshot v1, https://goo.gl/fbAQLP

exports[`renders 1`] = `"<div class=\\"progressbarWrapper\\"><div class=\\"progressbarLabel\\"> min</div><div class=\\"progressbar\\"><div class=\\"\\" style=\\"width:100%\\"></div></div><div class=\\"progressNum\\">0%</div></div>"`;
